// Jest Snapshot v1, https://goo.gl/fbAQLP

exports[`movies database view matches snapshot 1`] = `
[
  <h2>
    All movies
  </h2>,
  <div
    className="query-filter"
  >
    <div>
      <label>
        Country: 
        <br />
        <select
          onChange={[Function]}
        >
          <option />
        </select>
      </label>
    </div>
    <div>
      <label>
        Year: 
        <br />
        <select
          onChange={[Function]}
        >
          <option />
        </select>
      </label>
    </div>
  </div>,
  <div>
    <h3>
      Barbie
    </h3>
    <p>
      Adventures in Pink
    </p>
  </div>,
  <div>
    <h3>
      Oppenheimer
    </h3>
    <p>
      The Manhattan project
    </p>
  </div>,
  ",",
]
`;

exports[`movies database view shows new movies form 1`] = `
[
  <form
    method="dialog"
    onSubmit={[Function]}
  >
    <h2>
      Movies
    </h2>
    <div>
      Title: 
      <br />
      <input
        onChange={[Function]}
        value=""
      />
    </div>
    <div>
      Plot: 
      <br />
      <textarea
        onChange={[Function]}
        value=""
      />
    </div>
    <div>
      <button>
        Submit
      </button>
    </div>
  </form>,
  ",",
]
`;
