// Jest Snapshot v1, https://goo.gl/fbAQLP

exports[`movies database view matches snapshot 1`] = `
[
  <h2>
    All movies
  </h2>,
  <div>
    <h3>
      Barbie
    </h3>
  </div>,
  <div>
    <h3>
      Oppenheimer
    </h3>
  </div>,
  ",",
]
`;

exports[`movies database view shows new movies form 1`] = `
[
  <form
    method="dialog"
  >
    <h2>
      Movies
    </h2>
    <div>
      Title: 
      <br />
      <input />
    </div>
    <div>
      <button>
        Submit
      </button>
    </div>
  </form>,
  ",",
]
`;
